// Jest Snapshot v1, https://goo.gl/fbAQLP

exports[`make snapshot renders 1`] = `
<div>
  <main
    class="main wrapper"
  >
    <div
      class="top-border wrapper"
    />
  </main>
</div>
`;
